▲ Next.js 16.1.6
- Local:         http://localhost:3000
- Network:       http://10.52.2.90:3000

✓ Starting...
✓ Ready in 446ms
[KIS] real 토큰 파일에서 복원 (만료: AM 10:06:10)
[KIS] mock 토큰 파일에서 복원 (만료: PM 12:50:00)
[스캘핑 03/23 16:36] 로그 88건 복원됨
[스캘핑 03/23 16:36] 통계 복원됨 (주문 0건, 손익 0원)
[스캘핑 03/23 16:37] 스케줄러 시작 (real 모드, 180초 간격)
[스캘핑 03/23 16:37] 사이클 #1 실행 중... (real 모드)
[스캐너 03/23 16:37] KIS 거래량순위 30종목 중 6종목 대상 (ETF제외16, 필터10제외)
[AI추천 03/23 16:37] 워치리스트 94종목 분석 시작
[스캐너 03/23 16:37] AI추천 4종목 중 4종목 추가 (CJ제일제당(38점), 진흥기업(25점), 맥쿼리인프라(23점), 아모레퍼시픽(14점))
03/23 16:37 [뉴스] 뉴스 스캔 시작 — 종목 94개, 키워드 9개
03/23 16:37 [뉴스] 뉴스 핫 종목 7개 감지
03/23 16:37 [뉴스]   SK(034730) — 8건, 키워드: 급등,수주,실적,상한가,대규모
03/23 16:37 [뉴스]   LG(003550) — 4건, 키워드: 수주,실적,계약
03/23 16:37 [뉴스]   카카오(035720) — 3건, 키워드: 실적,계약,흑자전환
03/23 16:37 [뉴스]   삼성물산(028260) — 3건, 키워드: 수주
03/23 16:37 [뉴스]   LG전자(066570) — 2건, 키워드: 수주
03/23 16:37 [뉴스]   카카오페이(377300) — 2건, 키워드: 계약,흑자전환
03/23 16:37 [뉴스]   SM(041510) — 2건, 키워드: 수주,실적
[스캐너 03/23 16:37] 뉴스 핫 종목 추가: SK (8건, 급등/수주/실적/상한가/대규모)
[스캐너 03/23 16:37] 뉴스 핫 종목 추가: LG (4건, 수주/실적/계약)
[스캐너 03/23 16:37] 뉴스 핫 종목 추가: 카카오 (3건, 실적/계약/흑자전환)
[스캐너 03/23 16:37] 뉴스 핫 종목 추가: 삼성물산 (3건, 수주)
[스캐너 03/23 16:37] 뉴스 핫 종목 추가: LG전자 (2건, 수주)
[스캐너 03/23 16:37] 뉴스 핫 종목 추가: 카카오페이 (2건, 계약/흑자전환)
[스캐너 03/23 16:37] 뉴스 핫 종목 추가: SM (2건, 수주/실적)
[스캐너 03/23 16:37] 뉴스 핫 7종목: SK, LG, 카카오, 삼성물산, LG전자, 카카오페이, SM
03/23 16:37 [급등] 급등 종목 1개 우선 배치
03/23 16:37 [급등]   소룩스(290690) +11.76%
[스캐너 03/23 16:37] 총 17종목 분석 시작 (거래량13 + AI4)
[스캐너 03/23 16:37] 분석 완료 0.6초: 17종목(분봉0+일봉17) / BUY 2개 / 최고 31점(삼성물산) [일봉캐시97건 수급캐시0건 분봉캐시0건]
[스캘핑 03/23 16:37] 에프터마켓 — 최소점수 25점, 최대 3종목
[스캘핑 03/23 16:37] 공격 모드 ON — 최소점수 15, 건당 150,000원, 최대 6종목
[KIS주문] 500 에러 — KRX 07 028260: {"rt_cd":"1","msg_cd":"IGW00013","msg1":"주문 수량을 확인해주세요."}
[KIS주문] 500 에러 — KRX 07 377300: {"rt_cd":"1","msg_cd":"IGW00013","msg1":"주문 수량을 확인해주세요."}
[스캘핑 03/23 16:37] 완료 — 스캔 17종목 (매수신호 2, 최소점수 25) / 매수 0건, 매도 0건, 실패 2건
[스캘핑 03/23 16:37] 매수 미실행 — 상위 종목: 삼성물산(31점) / 최소점수: 25
[스캘핑 03/23 16:37] 실패: 삼성물산 BUY — KIS 주문 실패: 주문 수량을 확인해주세요.
[스캘핑 03/23 16:37] 실패: 카카오페이 BUY — KIS 주문 실패: 주문 수량을 확인해주세요.
